> Task :checkKotlinGradlePluginConfigurationErrors
> Task :generateComposeResClass UP-TO-DATE

> Task :compileKotlin FAILED
./gradlew : e: 
file:///C:/Users/Sherwin/Desktop/Kotlin/kotlin_todo/src/main/kotlin/ui/MainScreen.kt:208:25 Cannot 
find a parameter with this name: containerColor
At line:1 char:1
+ ./gradlew compileKotlin > build_error.log 2>&1
+ ~~~~~~~~~~~~~~~~~~~~~~~~~~~~~~~~~~~~~~~~~~~~~~
    + CategoryInfo          : NotSpecified: (e: file:///C:/U... containerColor:String) [], RemoteExc 
   eption
    + FullyQualifiedErrorId : NativeCommandError
 

[Incubating] Problems report is available at: file:///C:/Users/Sherwin/Desktop/Kotlin/kotlin_todo/build/reports/problems/problems-report.html

FAILURE: Build failed with an exception.

* What went wrong:
Execution failed for task ':compileKotlin'.
> A failure occurred while executing 
org.jetbrains.kotlin.compilerRunner.GradleCompilerRunnerWithWorkers$GradleKotlinCompilerWorkAction
   > Compilation error. See log for more details

* Try:
> Run with --stacktrace option to get the stack trace.
> Run with --info or --debug option to get more log output.
> Run with --scan to generate a Build Scan (Powered by Develocity).
> Get more help at https://help.gradle.org.

Deprecated Gradle features were used in this build, making it incompatible with Gradle 10.

You can use '--warning-mode all' to show the individual deprecation warnings and determine if they come from your own scripts or plugins.

For more on this, please refer to https://docs.gradle.org/9.0.0/userguide/command_line_interface.html#sec:command_line_warnings in the Gradle documentation.

BUILD FAILED in 3s
3 actionable tasks: 2 executed, 1 up-to-date
